// Jest Snapshot v1, https://goo.gl/fbAQLP

exports[`matches snapshot with no jobs 1`] = `
<DocumentFragment>
  <div
    class="LoginForm"
  >
    <h1>
      Login Here!
    </h1>
    <form
      class=""
    >
      <div
        class="mb-3"
      >
        <label
          class="form-label"
          for="username"
        >
          Username: 
        </label>
        <input
          class="form-control"
          id="username"
          name="username"
          type="text"
          value=""
        />
        <label
          class="form-label"
          for="password"
        >
          Password: 
        </label>
        <input
          class="form-control"
          id="password"
          name="password"
          type="password"
          value=""
        />
        <button
          class="btn btn-secondary"
          type="submit"
        >
          Login!
        </button>
      </div>
    </form>
  </div>
</DocumentFragment>
`;
