// Jest Snapshot v1, https://goo.gl/fbAQLP

exports[`matches snapshot with no jobs 1`] = `
<DocumentFragment>
  <form>
    <label
      for="search"
    />
    <input
      id="search"
      name="search"
      placeholder="Search"
      type="text"
    />
    <button
      class="btn btn-secondary btn-sm"
      type="submit"
    >
      Search!
    </button>
  </form>
</DocumentFragment>
`;
