// Jest Snapshot v1, https://goo.gl/fbAQLP

exports[`matches snapshot with no jobs 1`] = `
<DocumentFragment>
  <div
    class="SignupForm"
  >
    <h1>
      Register Here!
    </h1>
    <form
      class=""
    >
      <div
        class="mb-3"
      >
        <label
          class="form-label"
          for="username"
        >
          Username: 
        </label>
        <input
          class="form-control"
          id="username"
          name="username"
          type="text"
          value=""
        />
        <label
          class="form-label"
          for="password"
        >
          Password: 
        </label>
        <input
          class="form-control"
          id="password"
          name="password"
          type="password"
          value=""
        />
        <label
          class="form-label"
          for="email"
        >
          Email: 
        </label>
        <input
          class="form-control"
          id="email"
          name="email"
          type="text"
          value=""
        />
        <label
          class="form-label"
          for="friendCode"
        >
          Friend Code: SW-XXXX-XXXX-XXXX
        </label>
        <input
          class="form-control"
          id="friendCode"
          name="friendCode"
          type="text"
          value="SW-"
        />
        <button
          class="btn btn-secondary"
          type="submit"
        >
          Register!
        </button>
      </div>
    </form>
  </div>
</DocumentFragment>
`;
